Archive member included because of file (symbol)

d:/winavr/bin/../lib/gcc/avr/4.3.3/../../../../avr/lib/avr4\libm.a(addsf3.o)
                              main.o (__subsf3)
d:/winavr/bin/../lib/gcc/avr/4.3.3/../../../../avr/lib/avr4\libm.a(addsf3x.o)
                              d:/winavr/bin/../lib/gcc/avr/4.3.3/../../../../avr/lib/avr4\libm.a(addsf3.o) (__addsf3x)
d:/winavr/bin/../lib/gcc/avr/4.3.3/../../../../avr/lib/avr4\libm.a(atan2.o)
                              main.o (atan2)
d:/winavr/bin/../lib/gcc/avr/4.3.3/../../../../avr/lib/avr4\libm.a(atan.o)
                              main.o (atan)
d:/winavr/bin/../lib/gcc/avr/4.3.3/../../../../avr/lib/avr4\libm.a(divsf3.o)
                              main.o (__divsf3)
d:/winavr/bin/../lib/gcc/avr/4.3.3/../../../../avr/lib/avr4\libm.a(divsf3x.o)
                              d:/winavr/bin/../lib/gcc/avr/4.3.3/../../../../avr/lib/avr4\libm.a(divsf3.o) (__divsf3x)
d:/winavr/bin/../lib/gcc/avr/4.3.3/../../../../avr/lib/avr4\libm.a(floatsisf.o)
                              main.o (__floatsisf)
d:/winavr/bin/../lib/gcc/avr/4.3.3/../../../../avr/lib/avr4\libm.a(fp_inf.o)
                              d:/winavr/bin/../lib/gcc/avr/4.3.3/../../../../avr/lib/avr4\libm.a(addsf3x.o) (__fp_inf)
d:/winavr/bin/../lib/gcc/avr/4.3.3/../../../../avr/lib/avr4\libm.a(fp_nan.o)
                              d:/winavr/bin/../lib/gcc/avr/4.3.3/../../../../avr/lib/avr4\libm.a(addsf3x.o) (__fp_nan)
d:/winavr/bin/../lib/gcc/avr/4.3.3/../../../../avr/lib/avr4\libm.a(fp_powser.o)
                              d:/winavr/bin/../lib/gcc/avr/4.3.3/../../../../avr/lib/avr4\libm.a(atan.o) (__fp_powser)
d:/winavr/bin/../lib/gcc/avr/4.3.3/../../../../avr/lib/avr4\libm.a(fp_pscA.o)
                              d:/winavr/bin/../lib/gcc/avr/4.3.3/../../../../avr/lib/avr4\libm.a(addsf3x.o) (__fp_pscA)
d:/winavr/bin/../lib/gcc/avr/4.3.3/../../../../avr/lib/avr4\libm.a(fp_pscB.o)
                              d:/winavr/bin/../lib/gcc/avr/4.3.3/../../../../avr/lib/avr4\libm.a(addsf3x.o) (__fp_pscB)
d:/winavr/bin/../lib/gcc/avr/4.3.3/../../../../avr/lib/avr4\libm.a(fp_round.o)
                              d:/winavr/bin/../lib/gcc/avr/4.3.3/../../../../avr/lib/avr4\libm.a(addsf3.o) (__fp_round)
d:/winavr/bin/../lib/gcc/avr/4.3.3/../../../../avr/lib/avr4\libm.a(fp_split3.o)
                              d:/winavr/bin/../lib/gcc/avr/4.3.3/../../../../avr/lib/avr4\libm.a(addsf3x.o) (__fp_split3)
d:/winavr/bin/../lib/gcc/avr/4.3.3/../../../../avr/lib/avr4\libm.a(fp_zero.o)
                              d:/winavr/bin/../lib/gcc/avr/4.3.3/../../../../avr/lib/avr4\libm.a(addsf3x.o) (__fp_zero)
d:/winavr/bin/../lib/gcc/avr/4.3.3/../../../../avr/lib/avr4\libm.a(inverse.o)
                              d:/winavr/bin/../lib/gcc/avr/4.3.3/../../../../avr/lib/avr4\libm.a(atan.o) (inverse)
d:/winavr/bin/../lib/gcc/avr/4.3.3/../../../../avr/lib/avr4\libm.a(mulsf3.o)
                              main.o (__mulsf3)
d:/winavr/bin/../lib/gcc/avr/4.3.3/../../../../avr/lib/avr4\libm.a(mulsf3x.o)
                              d:/winavr/bin/../lib/gcc/avr/4.3.3/../../../../avr/lib/avr4\libm.a(atan.o) (__mulsf3x)
d:/winavr/bin/../lib/gcc/avr/4.3.3/../../../../avr/lib/avr4\libm.a(sqrt.o)
                              main.o (sqrt)
d:/winavr/bin/../lib/gcc/avr/4.3.3/../../../../avr/lib/avr4\libm.a(square.o)
                              d:/winavr/bin/../lib/gcc/avr/4.3.3/../../../../avr/lib/avr4\libm.a(atan.o) (square)
d:/winavr/bin/../lib/gcc/avr/4.3.3/../../../../avr/lib/avr4\libm.a(fp_mpack.o)
                              d:/winavr/bin/../lib/gcc/avr/4.3.3/../../../../avr/lib/avr4\libm.a(sqrt.o) (__fp_mpack)
d:/winavr/bin/../lib/gcc/avr/4.3.3/../../../../avr/lib/avr4\libm.a(fp_norm2.o)
                              d:/winavr/bin/../lib/gcc/avr/4.3.3/../../../../avr/lib/avr4\libm.a(sqrt.o) (__fp_norm2)
d:/winavr/bin/../lib/gcc/avr/4.3.3/avr4\libgcc.a(_exit.o)
                              d:/winavr/bin/../lib/gcc/avr/4.3.3/../../../../avr/lib/avr4/crtm8.o (exit)
d:/winavr/bin/../lib/gcc/avr/4.3.3/avr4\libgcc.a(_copy_data.o)
                              main.o (__do_copy_data)
d:/winavr/bin/../lib/gcc/avr/4.3.3/avr4\libgcc.a(_clear_bss.o)
                              main.o (__do_clear_bss)
d:/winavr/bin/../lib/gcc/avr/4.3.3/../../../../avr/lib/avr4\libc.a(dtostrf.o)
                              main.o (dtostrf)
d:/winavr/bin/../lib/gcc/avr/4.3.3/../../../../avr/lib/avr4\libc.a(itoa.o)
                              main.o (itoa)
d:/winavr/bin/../lib/gcc/avr/4.3.3/../../../../avr/lib/avr4\libc.a(sprintf.o)
                              main.o (sprintf)
d:/winavr/bin/../lib/gcc/avr/4.3.3/../../../../avr/lib/avr4\libc.a(vfprintf_std.o)
                              d:/winavr/bin/../lib/gcc/avr/4.3.3/../../../../avr/lib/avr4\libc.a(sprintf.o) (vfprintf)
d:/winavr/bin/../lib/gcc/avr/4.3.3/../../../../avr/lib/avr4\libc.a(dtoa_prf.o)
                              d:/winavr/bin/../lib/gcc/avr/4.3.3/../../../../avr/lib/avr4\libc.a(dtostrf.o) (dtoa_prf)
d:/winavr/bin/../lib/gcc/avr/4.3.3/../../../../avr/lib/avr4\libc.a(ftoa_engine.o)
                              d:/winavr/bin/../lib/gcc/avr/4.3.3/../../../../avr/lib/avr4\libc.a(dtoa_prf.o) (__ftoa_engine)
d:/winavr/bin/../lib/gcc/avr/4.3.3/../../../../avr/lib/avr4\libc.a(strnlen_P.o)
                              d:/winavr/bin/../lib/gcc/avr/4.3.3/../../../../avr/lib/avr4\libc.a(vfprintf_std.o) (strnlen_P)
d:/winavr/bin/../lib/gcc/avr/4.3.3/../../../../avr/lib/avr4\libc.a(strnlen.o)
                              d:/winavr/bin/../lib/gcc/avr/4.3.3/../../../../avr/lib/avr4\libc.a(vfprintf_std.o) (strnlen)
d:/winavr/bin/../lib/gcc/avr/4.3.3/../../../../avr/lib/avr4\libc.a(strrev.o)
                              d:/winavr/bin/../lib/gcc/avr/4.3.3/../../../../avr/lib/avr4\libc.a(itoa.o) (strrev)
d:/winavr/bin/../lib/gcc/avr/4.3.3/../../../../avr/lib/avr4\libc.a(fputc.o)
                              d:/winavr/bin/../lib/gcc/avr/4.3.3/../../../../avr/lib/avr4\libc.a(vfprintf_std.o) (fputc)
d:/winavr/bin/../lib/gcc/avr/4.3.3/../../../../avr/lib/avr4\libc.a(ultoa_invert.o)
                              d:/winavr/bin/../lib/gcc/avr/4.3.3/../../../../avr/lib/avr4\libc.a(vfprintf_std.o) (__ultoa_invert)
d:/winavr/bin/../lib/gcc/avr/4.3.3/avr4\libgcc.a(_udivmodhi4.o)
                              d:/winavr/bin/../lib/gcc/avr/4.3.3/../../../../avr/lib/avr4\libc.a(itoa.o) (__udivmodhi4)
d:/winavr/bin/../lib/gcc/avr/4.3.3/avr4\libgcc.a(_prologue.o)
                              d:/winavr/bin/../lib/gcc/avr/4.3.3/../../../../avr/lib/avr4\libc.a(sprintf.o) (__prologue_saves__)
d:/winavr/bin/../lib/gcc/avr/4.3.3/avr4\libgcc.a(_epilogue.o)
                              d:/winavr/bin/../lib/gcc/avr/4.3.3/../../../../avr/lib/avr4\libc.a(sprintf.o) (__epilogue_restores__)

Discarded input sections

 .data          0x00000000        0x0 d:/winavr/bin/../lib/gcc/avr/4.3.3/../../../../avr/lib/avr4/crtm8.o
 .bss           0x00000000        0x0 d:/winavr/bin/../lib/gcc/avr/4.3.3/../../../../avr/lib/avr4/crtm8.o
 .text          0x00000000        0x0 main.o
 .bss           0x00000000        0x0 main.o
 .text._Z13readResgisterch
                0x00000000        0x0 main.o
 .text._Z10startTimerv
                0x00000000        0x0 main.o
 .text._Z9readDtimev
                0x00000000        0x0 main.o
 .text._Z19complemetary_filterddd
                0x00000000        0x0 main.o
 .data.dt       0x00000000        0x0 main.o
 .data.alpha    0x00000000        0x0 main.o
 .text          0x00000000        0x0 d:/winavr/bin/../lib/gcc/avr/4.3.3/../../../../avr/lib/avr4\libm.a(addsf3.o)
 .data          0x00000000        0x0 d:/winavr/bin/../lib/gcc/avr/4.3.3/../../../../avr/lib/avr4\libm.a(addsf3.o)
 .bss           0x00000000        0x0 d:/winavr/bin/../lib/gcc/avr/4.3.3/../../../../avr/lib/avr4\libm.a(addsf3.o)
 .text          0x00000000        0x0 d:/winavr/bin/../lib/gcc/avr/4.3.3/../../../../avr/lib/avr4\libm.a(addsf3x.o)
 .data          0x00000000        0x0 d:/winavr/bin/../lib/gcc/avr/4.3.3/../../../../avr/lib/avr4\libm.a(addsf3x.o)
 .bss           0x00000000        0x0 d:/winavr/bin/../lib/gcc/avr/4.3.3/../../../../avr/lib/avr4\libm.a(addsf3x.o)
 .text          0x00000000        0x0 d:/winavr/bin/../lib/gcc/avr/4.3.3/../../../../avr/lib/avr4\libm.a(atan2.o)
 .data          0x00000000        0x0 d:/winavr/bin/../lib/gcc/avr/4.3.3/../../../../avr/lib/avr4\libm.a(atan2.o)
 .bss           0x00000000        0x0 d:/winavr/bin/../lib/gcc/avr/4.3.3/../../../../avr/lib/avr4\libm.a(atan2.o)
 .text          0x00000000        0x0 d:/winavr/bin/../lib/gcc/avr/4.3.3/../../../../avr/lib/avr4\libm.a(atan.o)
 .data          0x00000000        0x0 d:/winavr/bin/../lib/gcc/avr/4.3.3/../../../../avr/lib/avr4\libm.a(atan.o)
 .bss           0x00000000        0x0 d:/winavr/bin/../lib/gcc/avr/4.3.3/../../../../avr/lib/avr4\libm.a(atan.o)
 .text          0x00000000        0x0 d:/winavr/bin/../lib/gcc/avr/4.3.3/../../../../avr/lib/avr4\libm.a(divsf3.o)
 .data          0x00000000        0x0 d:/winavr/bin/../lib/gcc/avr/4.3.3/../../../../avr/lib/avr4\libm.a(divsf3.o)
 .bss           0x00000000        0x0 d:/winavr/bin/../lib/gcc/avr/4.3.3/../../../../avr/lib/avr4\libm.a(divsf3.o)
 .text          0x00000000        0x0 d:/winavr/bin/../lib/gcc/avr/4.3.3/../../../../avr/lib/avr4\libm.a(divsf3x.o)
 .data          0x00000000        0x0 d:/winavr/bin/../lib/gcc/avr/4.3.3/../../../../avr/lib/avr4\libm.a(divsf3x.o)
 .bss           0x00000000        0x0 d:/winavr/bin/../lib/gcc/avr/4.3.3/../../../../avr/lib/avr4\libm.a(divsf3x.o)
 .text          0x00000000        0x0 d:/winavr/bin/../lib/gcc/avr/4.3.3/../../../../avr/lib/avr4\libm.a(floatsisf.o)
 .data          0x00000000        0x0 d:/winavr/bin/../lib/gcc/avr/4.3.3/../../../../avr/lib/avr4\libm.a(floatsisf.o)
 .bss           0x00000000        0x0 d:/winavr/bin/../lib/gcc/avr/4.3.3/../../../../avr/lib/avr4\libm.a(floatsisf.o)
 .text          0x00000000        0x0 d:/winavr/bin/../lib/gcc/avr/4.3.3/../../../../avr/lib/avr4\libm.a(fp_inf.o)
 .data          0x00000000        0x0 d:/winavr/bin/../lib/gcc/avr/4.3.3/../../../../avr/lib/avr4\libm.a(fp_inf.o)
 .bss           0x00000000        0x0 d:/winavr/bin/../lib/gcc/avr/4.3.3/../../../../avr/lib/avr4\libm.a(fp_inf.o)
 .text          0x00000000        0x0 d:/winavr/bin/../lib/gcc/avr/4.3.3/../../../../avr/lib/avr4\libm.a(fp_nan.o)
 .data          0x00000000        0x0 d:/winavr/bin/../lib/gcc/avr/4.3.3/../../../../avr/lib/avr4\libm.a(fp_nan.o)
 .bss           0x00000000        0x0 d:/winavr/bin/../lib/gcc/avr/4.3.3/../../../../avr/lib/avr4\libm.a(fp_nan.o)
 .text          0x00000000        0x0 d:/winavr/bin/../lib/gcc/avr/4.3.3/../../../../avr/lib/avr4\libm.a(fp_powser.o)
 .data          0x00000000        0x0 d:/winavr/bin/../lib/gcc/avr/4.3.3/../../../../avr/lib/avr4\libm.a(fp_powser.o)
 .bss           0x00000000        0x0 d:/winavr/bin/../lib/gcc/avr/4.3.3/../../../../avr/lib/avr4\libm.a(fp_powser.o)
 .text          0x00000000        0x0 d:/winavr/bin/../lib/gcc/avr/4.3.3/../../../../avr/lib/avr4\libm.a(fp_pscA.o)
 .data          0x00000000        0x0 d:/winavr/bin/../lib/gcc/avr/4.3.3/../../../../avr/lib/avr4\libm.a(fp_pscA.o)
 .bss           0x00000000        0x0 d:/winavr/bin/../lib/gcc/avr/4.3.3/../../../../avr/lib/avr4\libm.a(fp_pscA.o)
 .text          0x00000000        0x0 d:/winavr/bin/../lib/gcc/avr/4.3.3/../../../../avr/lib/avr4\libm.a(fp_pscB.o)
 .data          0x00000000        0x0 d:/winavr/bin/../lib/gcc/avr/4.3.3/../../../../avr/lib/avr4\libm.a(fp_pscB.o)
 .bss           0x00000000        0x0 d:/winavr/bin/../lib/gcc/avr/4.3.3/../../../../avr/lib/avr4\libm.a(fp_pscB.o)
 .text          0x00000000        0x0 d:/winavr/bin/../lib/gcc/avr/4.3.3/../../../../avr/lib/avr4\libm.a(fp_round.o)
 .data          0x00000000        0x0 d:/winavr/bin/../lib/gcc/avr/4.3.3/../../../../avr/lib/avr4\libm.a(fp_round.o)
 .bss           0x00000000        0x0 d:/winavr/bin/../lib/gcc/avr/4.3.3/../../../../avr/lib/avr4\libm.a(fp_round.o)
 .text          0x00000000        0x0 d:/winavr/bin/../lib/gcc/avr/4.3.3/../../../../avr/lib/avr4\libm.a(fp_split3.o)
 .data          0x00000000        0x0 d:/winavr/bin/../lib/gcc/avr/4.3.3/../../../../avr/lib/avr4\libm.a(fp_split3.o)
 .bss           0x00000000        0x0 d:/winavr/bin/../lib/gcc/avr/4.3.3/../../../../avr/lib/avr4\libm.a(fp_split3.o)
 .text          0x00000000        0x0 d:/winavr/bin/../lib/gcc/avr/4.3.3/../../../../avr/lib/avr4\libm.a(fp_zero.o)
 .data          0x00000000        0x0 d:/winavr/bin/../lib/gcc/avr/4.3.3/../../../../avr/lib/avr4\libm.a(fp_zero.o)
 .bss           0x00000000        0x0 d:/winavr/bin/../lib/gcc/avr/4.3.3/../../../../avr/lib/avr4\libm.a(fp_zero.o)
 .text          0x00000000        0x0 d:/winavr/bin/../lib/gcc/avr/4.3.3/../../../../avr/lib/avr4\libm.a(inverse.o)
 .data          0x00000000        0x0 d:/winavr/bin/../lib/gcc/avr/4.3.3/../../../../avr/lib/avr4\libm.a(inverse.o)
 .bss           0x00000000        0x0 d:/winavr/bin/../lib/gcc/avr/4.3.3/../../../../avr/lib/avr4\libm.a(inverse.o)
 .text          0x00000000        0x0 d:/winavr/bin/../lib/gcc/avr/4.3.3/../../../../avr/lib/avr4\libm.a(mulsf3.o)
 .data          0x00000000        0x0 d:/winavr/bin/../lib/gcc/avr/4.3.3/../../../../avr/lib/avr4\libm.a(mulsf3.o)
 .bss           0x00000000        0x0 d:/winavr/bin/../lib/gcc/avr/4.3.3/../../../../avr/lib/avr4\libm.a(mulsf3.o)
 .text          0x00000000        0x0 d:/winavr/bin/../lib/gcc/avr/4.3.3/../../../../avr/lib/avr4\libm.a(mulsf3x.o)
 .data          0x00000000        0x0 d:/winavr/bin/../lib/gcc/avr/4.3.3/../../../../avr/lib/avr4\libm.a(mulsf3x.o)
 .bss           0x00000000        0x0 d:/winavr/bin/../lib/gcc/avr/4.3.3/../../../../avr/lib/avr4\libm.a(mulsf3x.o)
 .text          0x00000000        0x0 d:/winavr/bin/../lib/gcc/avr/4.3.3/../../../../avr/lib/avr4\libm.a(sqrt.o)
 .data          0x00000000        0x0 d:/winavr/bin/../lib/gcc/avr/4.3.3/../../../../avr/lib/avr4\libm.a(sqrt.o)
 .bss           0x00000000        0x0 d:/winavr/bin/../lib/gcc/avr/4.3.3/../../../../avr/lib/avr4\libm.a(sqrt.o)
 .text          0x00000000        0x0 d:/winavr/bin/../lib/gcc/avr/4.3.3/../../../../avr/lib/avr4\libm.a(square.o)
 .data          0x00000000        0x0 d:/winavr/bin/../lib/gcc/avr/4.3.3/../../../../avr/lib/avr4\libm.a(square.o)
 .bss           0x00000000        0x0 d:/winavr/bin/../lib/gcc/avr/4.3.3/../../../../avr/lib/avr4\libm.a(square.o)
 .text          0x00000000        0x0 d:/winavr/bin/../lib/gcc/avr/4.3.3/../../../../avr/lib/avr4\libm.a(fp_mpack.o)
 .data          0x00000000        0x0 d:/winavr/bin/../lib/gcc/avr/4.3.3/../../../../avr/lib/avr4\libm.a(fp_mpack.o)
 .bss           0x00000000        0x0 d:/winavr/bin/../lib/gcc/avr/4.3.3/../../../../avr/lib/avr4\libm.a(fp_mpack.o)
 .text          0x00000000        0x0 d:/winavr/bin/../lib/gcc/avr/4.3.3/../../../../avr/lib/avr4\libm.a(fp_norm2.o)
 .data          0x00000000        0x0 d:/winavr/bin/../lib/gcc/avr/4.3.3/../../../../avr/lib/avr4\libm.a(fp_norm2.o)
 .bss           0x00000000        0x0 d:/winavr/bin/../lib/gcc/avr/4.3.3/../../../../avr/lib/avr4\libm.a(fp_norm2.o)
 .text          0x00000000        0x0 d:/winavr/bin/../lib/gcc/avr/4.3.3/avr4\libgcc.a(_exit.o)
 .data          0x00000000        0x0 d:/winavr/bin/../lib/gcc/avr/4.3.3/avr4\libgcc.a(_exit.o)
 .bss           0x00000000        0x0 d:/winavr/bin/../lib/gcc/avr/4.3.3/avr4\libgcc.a(_exit.o)
 .text.libgcc   0x00000000        0x0 d:/winavr/bin/../lib/gcc/avr/4.3.3/avr4\libgcc.a(_exit.o)
 .text          0x00000000        0x0 d:/winavr/bin/../lib/gcc/avr/4.3.3/avr4\libgcc.a(_copy_data.o)
 .data          0x00000000        0x0 d:/winavr/bin/../lib/gcc/avr/4.3.3/avr4\libgcc.a(_copy_data.o)
 .bss           0x00000000        0x0 d:/winavr/bin/../lib/gcc/avr/4.3.3/avr4\libgcc.a(_copy_data.o)
 .text.libgcc   0x00000000        0x0 d:/winavr/bin/../lib/gcc/avr/4.3.3/avr4\libgcc.a(_copy_data.o)
 .text          0x00000000        0x0 d:/winavr/bin/../lib/gcc/avr/4.3.3/avr4\libgcc.a(_clear_bss.o)
 .data          0x00000000        0x0 d:/winavr/bin/../lib/gcc/avr/4.3.3/avr4\libgcc.a(_clear_bss.o)
 .bss           0x00000000        0x0 d:/winavr/bin/../lib/gcc/avr/4.3.3/avr4\libgcc.a(_clear_bss.o)
 .text.libgcc   0x00000000        0x0 d:/winavr/bin/../lib/gcc/avr/4.3.3/avr4\libgcc.a(_clear_bss.o)
 .text          0x00000000        0x0 d:/winavr/bin/../lib/gcc/avr/4.3.3/../../../../avr/lib/avr4\libc.a(dtostrf.o)
 .data          0x00000000        0x0 d:/winavr/bin/../lib/gcc/avr/4.3.3/../../../../avr/lib/avr4\libc.a(dtostrf.o)
 .bss           0x00000000        0x0 d:/winavr/bin/../lib/gcc/avr/4.3.3/../../../../avr/lib/avr4\libc.a(dtostrf.o)
 .text          0x00000000        0x0 d:/winavr/bin/../lib/gcc/avr/4.3.3/../../../../avr/lib/avr4\libc.a(itoa.o)
 .data          0x00000000        0x0 d:/winavr/bin/../lib/gcc/avr/4.3.3/../../../../avr/lib/avr4\libc.a(itoa.o)
 .bss           0x00000000        0x0 d:/winavr/bin/../lib/gcc/avr/4.3.3/../../../../avr/lib/avr4\libc.a(itoa.o)
 .text          0x00000000        0x0 d:/winavr/bin/../lib/gcc/avr/4.3.3/../../../../avr/lib/avr4\libc.a(sprintf.o)
 .data          0x00000000        0x0 d:/winavr/bin/../lib/gcc/avr/4.3.3/../../../../avr/lib/avr4\libc.a(sprintf.o)
 .bss           0x00000000        0x0 d:/winavr/bin/../lib/gcc/avr/4.3.3/../../../../avr/lib/avr4\libc.a(sprintf.o)
 .text          0x00000000        0x0 d:/winavr/bin/../lib/gcc/avr/4.3.3/../../../../avr/lib/avr4\libc.a(vfprintf_std.o)
 .data          0x00000000        0x0 d:/winavr/bin/../lib/gcc/avr/4.3.3/../../../../avr/lib/avr4\libc.a(vfprintf_std.o)
 .bss           0x00000000        0x0 d:/winavr/bin/../lib/gcc/avr/4.3.3/../../../../avr/lib/avr4\libc.a(vfprintf_std.o)
 .text          0x00000000        0x0 d:/winavr/bin/../lib/gcc/avr/4.3.3/../../../../avr/lib/avr4\libc.a(dtoa_prf.o)
 .data          0x00000000        0x0 d:/winavr/bin/../lib/gcc/avr/4.3.3/../../../../avr/lib/avr4\libc.a(dtoa_prf.o)
 .bss           0x00000000        0x0 d:/winavr/bin/../lib/gcc/avr/4.3.3/../../../../avr/lib/avr4\libc.a(dtoa_prf.o)
 .text          0x00000000        0x0 d:/winavr/bin/../lib/gcc/avr/4.3.3/../../../../avr/lib/avr4\libc.a(ftoa_engine.o)
 .data          0x00000000        0x0 d:/winavr/bin/../lib/gcc/avr/4.3.3/../../../../avr/lib/avr4\libc.a(ftoa_engine.o)
 .bss           0x00000000        0x0 d:/winavr/bin/../lib/gcc/avr/4.3.3/../../../../avr/lib/avr4\libc.a(ftoa_engine.o)
 .text          0x00000000        0x0 d:/winavr/bin/../lib/gcc/avr/4.3.3/../../../../avr/lib/avr4\libc.a(strnlen_P.o)
 .data          0x00000000        0x0 d:/winavr/bin/../lib/gcc/avr/4.3.3/../../../../avr/lib/avr4\libc.a(strnlen_P.o)
 .bss           0x00000000        0x0 d:/winavr/bin/../lib/gcc/avr/4.3.3/../../../../avr/lib/avr4\libc.a(strnlen_P.o)
 .text          0x00000000        0x0 d:/winavr/bin/../lib/gcc/avr/4.3.3/../../../../avr/lib/avr4\libc.a(strnlen.o)
 .data          0x00000000        0x0 d:/winavr/bin/../lib/gcc/avr/4.3.3/../../../../avr/lib/avr4\libc.a(strnlen.o)
 .bss           0x00000000        0x0 d:/winavr/bin/../lib/gcc/avr/4.3.3/../../../../avr/lib/avr4\libc.a(strnlen.o)
 .text          0x00000000        0x0 d:/winavr/bin/../lib/gcc/avr/4.3.3/../../../../avr/lib/avr4\libc.a(strrev.o)
 .data          0x00000000        0x0 d:/winavr/bin/../lib/gcc/avr/4.3.3/../../../../avr/lib/avr4\libc.a(strrev.o)
 .bss           0x00000000        0x0 d:/winavr/bin/../lib/gcc/avr/4.3.3/../../../../avr/lib/avr4\libc.a(strrev.o)
 .text          0x00000000        0x0 d:/winavr/bin/../lib/gcc/avr/4.3.3/../../../../avr/lib/avr4\libc.a(fputc.o)
 .data          0x00000000        0x0 d:/winavr/bin/../lib/gcc/avr/4.3.3/../../../../avr/lib/avr4\libc.a(fputc.o)
 .bss           0x00000000        0x0 d:/winavr/bin/../lib/gcc/avr/4.3.3/../../../../avr/lib/avr4\libc.a(fputc.o)
 .text          0x00000000        0x0 d:/winavr/bin/../lib/gcc/avr/4.3.3/../../../../avr/lib/avr4\libc.a(ultoa_invert.o)
 .data          0x00000000        0x0 d:/winavr/bin/../lib/gcc/avr/4.3.3/../../../../avr/lib/avr4\libc.a(ultoa_invert.o)
 .bss           0x00000000        0x0 d:/winavr/bin/../lib/gcc/avr/4.3.3/../../../../avr/lib/avr4\libc.a(ultoa_invert.o)
 .text          0x00000000        0x0 d:/winavr/bin/../lib/gcc/avr/4.3.3/avr4\libgcc.a(_udivmodhi4.o)
 .data          0x00000000        0x0 d:/winavr/bin/../lib/gcc/avr/4.3.3/avr4\libgcc.a(_udivmodhi4.o)
 .bss           0x00000000        0x0 d:/winavr/bin/../lib/gcc/avr/4.3.3/avr4\libgcc.a(_udivmodhi4.o)
 .text          0x00000000        0x0 d:/winavr/bin/../lib/gcc/avr/4.3.3/avr4\libgcc.a(_prologue.o)
 .data          0x00000000        0x0 d:/winavr/bin/../lib/gcc/avr/4.3.3/avr4\libgcc.a(_prologue.o)
 .bss           0x00000000        0x0 d:/winavr/bin/../lib/gcc/avr/4.3.3/avr4\libgcc.a(_prologue.o)
 .text          0x00000000        0x0 d:/winavr/bin/../lib/gcc/avr/4.3.3/avr4\libgcc.a(_epilogue.o)
 .data          0x00000000        0x0 d:/winavr/bin/../lib/gcc/avr/4.3.3/avr4\libgcc.a(_epilogue.o)
 .bss           0x00000000        0x0 d:/winavr/bin/../lib/gcc/avr/4.3.3/avr4\libgcc.a(_epilogue.o)

Memory Configuration

Name             Origin             Length             Attributes
text             0x00000000         0x00002000         xr
data             0x00800060         0x0000ffa0         rw !x
eeprom           0x00810000         0x00010000         rw !x
fuse             0x00820000         0x00000400         rw !x
lock             0x00830000         0x00000400         rw !x
signature        0x00840000         0x00000400         rw !x
*default*        0x00000000         0xffffffff

Linker script and memory map

LOAD d:/winavr/bin/../lib/gcc/avr/4.3.3/../../../../avr/lib/avr4/crtm8.o
LOAD main.o
START GROUP
LOAD d:/winavr/bin/../lib/gcc/avr/4.3.3/../../../../avr/lib/avr4\libm.a
END GROUP
LOAD d:/winavr/bin/../lib/gcc/avr/4.3.3/avr4\libgcc.a
LOAD d:/winavr/bin/../lib/gcc/avr/4.3.3/../../../../avr/lib/avr4\libm.a
LOAD d:/winavr/bin/../lib/gcc/avr/4.3.3/avr4\libgcc.a
LOAD d:/winavr/bin/../lib/gcc/avr/4.3.3/../../../../avr/lib/avr4\libc.a
LOAD d:/winavr/bin/../lib/gcc/avr/4.3.3/avr4\libgcc.a

.hash
 *(.hash)

.dynsym
 *(.dynsym)

.dynstr
 *(.dynstr)

.gnu.version
 *(.gnu.version)

.gnu.version_d
 *(.gnu.version_d)

.gnu.version_r
 *(.gnu.version_r)

.rel.init
 *(.rel.init)

.rela.init
 *(.rela.init)

.rel.text
 *(.rel.text)
 *(.rel.text.*)
 *(.rel.gnu.linkonce.t*)

.rela.text
 *(.rela.text)
 *(.rela.text.*)
 *(.rela.gnu.linkonce.t*)

.rel.fini
 *(.rel.fini)

.rela.fini
 *(.rela.fini)

.rel.rodata
 *(.rel.rodata)
 *(.rel.rodata.*)
 *(.rel.gnu.linkonce.r*)

.rela.rodata
 *(.rela.rodata)
 *(.rela.rodata.*)
 *(.rela.gnu.linkonce.r*)

.rel.data
 *(.rel.data)
 *(.rel.data.*)
 *(.rel.gnu.linkonce.d*)

.rela.data
 *(.rela.data)
 *(.rela.data.*)
 *(.rela.gnu.linkonce.d*)

.rel.ctors
 *(.rel.ctors)

.rela.ctors
 *(.rela.ctors)

.rel.dtors
 *(.rel.dtors)

.rela.dtors
 *(.rela.dtors)

.rel.got
 *(.rel.got)

.rela.got
 *(.rela.got)

.rel.bss
 *(.rel.bss)

.rela.bss
 *(.rela.bss)

.rel.plt
 *(.rel.plt)

.rela.plt
 *(.rela.plt)

.text           0x00000000     0x1742
 *(.vectors)
 .vectors       0x00000000       0x26 d:/winavr/bin/../lib/gcc/avr/4.3.3/../../../../avr/lib/avr4/crtm8.o
                0x00000000                __vectors
                0x00000000                __vector_default
 *(.vectors)
 *(.progmem.gcc*)
 .progmem.gcc_fplib
                0x00000026       0x2d d:/winavr/bin/../lib/gcc/avr/4.3.3/../../../../avr/lib/avr4\libm.a(atan.o)
 *(.progmem*)
 .progmem.data  0x00000053       0xfa d:/winavr/bin/../lib/gcc/avr/4.3.3/../../../../avr/lib/avr4\libc.a(ftoa_engine.o)
                0x0000014e                . = ALIGN (0x2)
 *fill*         0x0000014d        0x1 00
                0x0000014e                __trampolines_start = .
 *(.trampolines)
 .trampolines   0x0000014e        0x0 linker stubs
 *(.trampolines*)
                0x0000014e                __trampolines_end = .
 *(.jumptables)
 *(.jumptables*)
 *(.lowtext)
 *(.lowtext*)
                0x0000014e                __ctors_start = .
 *(.ctors)
                0x0000014e                __ctors_end = .
                0x0000014e                __dtors_start = .
 *(.dtors)
                0x0000014e                __dtors_end = .
 SORT(*)(.ctors)
 SORT(*)(.dtors)
 *(.init0)
 .init0         0x0000014e        0x0 d:/winavr/bin/../lib/gcc/avr/4.3.3/../../../../avr/lib/avr4/crtm8.o
                0x0000014e                __init
 *(.init0)
 *(.init1)
 *(.init1)
 *(.init2)
 .init2         0x0000014e        0xc d:/winavr/bin/../lib/gcc/avr/4.3.3/../../../../avr/lib/avr4/crtm8.o
 *(.init2)
 *(.init3)
 *(.init3)
 *(.init4)
 .init4         0x0000015a       0x16 d:/winavr/bin/../lib/gcc/avr/4.3.3/avr4\libgcc.a(_copy_data.o)
                0x0000015a                __do_copy_data
 .init4         0x00000170       0x10 d:/winavr/bin/../lib/gcc/avr/4.3.3/avr4\libgcc.a(_clear_bss.o)
                0x00000170                __do_clear_bss
 *(.init4)
 *(.init5)
 *(.init5)
 *(.init6)
 *(.init6)
 *(.init7)
 *(.init7)
 *(.init8)
 *(.init8)
 *(.init9)
 .init9         0x00000180        0x4 d:/winavr/bin/../lib/gcc/avr/4.3.3/../../../../avr/lib/avr4/crtm8.o
 *(.init9)
 *(.text)
 .text          0x00000184        0x2 d:/winavr/bin/../lib/gcc/avr/4.3.3/../../../../avr/lib/avr4/crtm8.o
                0x00000184                __vector_1
                0x00000184                __vector_12
                0x00000184                __bad_interrupt
                0x00000184                __vector_6
                0x00000184                __vector_3
                0x00000184                __vector_11
                0x00000184                __vector_13
                0x00000184                __vector_17
                0x00000184                __vector_7
                0x00000184                __vector_5
                0x00000184                __vector_4
                0x00000184                __vector_9
                0x00000184                __vector_2
                0x00000184                __vector_15
                0x00000184                __vector_8
                0x00000184                __vector_14
                0x00000184                __vector_10
                0x00000184                __vector_16
                0x00000184                __vector_18
                0x00000186                . = ALIGN (0x2)
 *(.text.*)
 .text._Z9uart_initv
                0x00000186       0x18 main.o
                0x00000186                uart_init()
 .text._Z13uart_transmitc
                0x0000019e       0x10 main.o
                0x0000019e                uart_transmit(char)
 .text._Z20uart_transmit_stringPc
                0x000001ae       0x1e main.o
                0x000001ae                uart_transmit_string(char*)
 .text._Z8init_I2Cv
                0x000001cc        0x8 main.o
                0x000001cc                init_I2C()
 .text._Z9TWI_starthh
                0x000001d4       0x4a main.o
                0x000001d4                TWI_start(unsigned char, unsigned char)
 .text._Z8TWI_stopv
                0x0000021e       0x10 main.o
                0x0000021e                TWI_stop()
 .text._Z9TWI_writehh
                0x0000022e       0x26 main.o
                0x0000022e                TWI_write(unsigned char, unsigned char)
 .text._Z11TWI_readAckv
                0x00000254       0x12 main.o
                0x00000254                TWI_readAck()
 .text._Z12TWI_readNackv
                0x00000266       0x12 main.o
                0x00000266                TWI_readNack()
 .text._Z14writeResgistercch
                0x00000278       0x28 main.o
                0x00000278                writeResgister(char, char, unsigned char)
 .text._Z11initMPU6050v
                0x000002a0       0x3a main.o
                0x000002a0                initMPU6050()
 .text._Z13MPU_Start_Locv
                0x000002da       0x14 main.o
                0x000002da                MPU_Start_Loc()
 .text._Z10readMPURawv
                0x000002ee      0x270 main.o
                0x000002ee                readMPURaw()
 .text._Z10processMPUv
                0x0000055e       0xbe main.o
                0x0000055e                processMPU()
 .text._Z20uart_transmit_numberh
                0x0000061c       0x2a main.o
                0x0000061c                uart_transmit_number(unsigned char)
 .text._Z7scanI2Cv
                0x00000646       0x52 main.o
                0x00000646                scanI2C()
 .text.main     0x00000698       0x9a main.o
                0x00000698                main
 .text.avr-libc.fplib
                0x00000732        0xa d:/winavr/bin/../lib/gcc/avr/4.3.3/../../../../avr/lib/avr4\libm.a(addsf3.o)
                0x00000732                __subsf3
                0x00000734                __addsf3
 .text.avr-libc.fplib
                0x0000073c       0xc0 d:/winavr/bin/../lib/gcc/avr/4.3.3/../../../../avr/lib/avr4\libm.a(addsf3x.o)
                0x00000756                __addsf3x
 .text.avr-libc.fplib
                0x000007fc       0x74 d:/winavr/bin/../lib/gcc/avr/4.3.3/../../../../avr/lib/avr4\libm.a(atan2.o)
                0x0000081a                atan2
 .text.avr-libc.fplib
                0x00000870       0x50 d:/winavr/bin/../lib/gcc/avr/4.3.3/../../../../avr/lib/avr4\libm.a(atan.o)
                0x00000870                atan
 .text.avr-libc.fplib
                0x000008c0        0x4 d:/winavr/bin/../lib/gcc/avr/4.3.3/../../../../avr/lib/avr4\libm.a(divsf3.o)
                0x000008c0                __divsf3
 .text.avr-libc.fplib
                0x000008c4       0xcc d:/winavr/bin/../lib/gcc/avr/4.3.3/../../../../avr/lib/avr4\libm.a(divsf3x.o)
                0x000008da                __divsf3x
                0x000008de                __divsf3_pse
 .text.avr-libc.fplib
                0x00000990       0x7a d:/winavr/bin/../lib/gcc/avr/4.3.3/../../../../avr/lib/avr4\libm.a(floatsisf.o)
                0x00000994                __floatsisf
                0x00000990                __floatunsisf
 .text.avr-libc.fplib
                0x00000a0a        0xc d:/winavr/bin/../lib/gcc/avr/4.3.3/../../../../avr/lib/avr4\libm.a(fp_inf.o)
                0x00000a0a                __fp_inf
 .text.avr-libc.fplib
                0x00000a16        0x6 d:/winavr/bin/../lib/gcc/avr/4.3.3/../../../../avr/lib/avr4\libm.a(fp_nan.o)
                0x00000a16                __fp_nan
 .text.avr-libc.fplib
                0x00000a1c       0x4a d:/winavr/bin/../lib/gcc/avr/4.3.3/../../../../avr/lib/avr4\libm.a(fp_powser.o)
                0x00000a1c                __fp_powser
 .text.avr-libc.fplib
                0x00000a66        0xe d:/winavr/bin/../lib/gcc/avr/4.3.3/../../../../avr/lib/avr4\libm.a(fp_pscA.o)
                0x00000a66                __fp_pscA
 .text.avr-libc.fplib
                0x00000a74        0xe d:/winavr/bin/../lib/gcc/avr/4.3.3/../../../../avr/lib/avr4\libm.a(fp_pscB.o)
                0x00000a74                __fp_pscB
 .text.avr-libc.fplib
                0x00000a82       0x22 d:/winavr/bin/../lib/gcc/avr/4.3.3/../../../../avr/lib/avr4\libm.a(fp_round.o)
                0x00000a82                __fp_round
 .text.avr-libc.fplib
                0x00000aa4       0x44 d:/winavr/bin/../lib/gcc/avr/4.3.3/../../../../avr/lib/avr4\libm.a(fp_split3.o)
                0x00000aa4                __fp_split3
                0x00000ab4                __fp_splitA
 .text.avr-libc.fplib
                0x00000ae8        0xe d:/winavr/bin/../lib/gcc/avr/4.3.3/../../../../avr/lib/avr4\libm.a(fp_zero.o)
                0x00000ae8                __fp_zero
                0x00000aea                __fp_szero
 .text.avr-libc.fplib
                0x00000af6        0xe d:/winavr/bin/../lib/gcc/avr/4.3.3/../../../../avr/lib/avr4\libm.a(inverse.o)
                0x00000af6                inverse
 .text.avr-libc.fplib
                0x00000b04        0x4 d:/winavr/bin/../lib/gcc/avr/4.3.3/../../../../avr/lib/avr4\libm.a(mulsf3.o)
                0x00000b04                __mulsf3
 .text.avr-libc.fplib
                0x00000b08       0xc2 d:/winavr/bin/../lib/gcc/avr/4.3.3/../../../../avr/lib/avr4\libm.a(mulsf3x.o)
                0x00000b20                __mulsf3_pse
                0x00000b1c                __mulsf3x
 .text.avr-libc.fplib
                0x00000bca       0x84 d:/winavr/bin/../lib/gcc/avr/4.3.3/../../../../avr/lib/avr4\libm.a(sqrt.o)
                0x00000bd2                sqrt
 .text.avr-libc.fplib
                0x00000c4e        0x6 d:/winavr/bin/../lib/gcc/avr/4.3.3/../../../../avr/lib/avr4\libm.a(square.o)
                0x00000c4e                square
 .text.avr-libc.fplib
                0x00000c54       0x1c d:/winavr/bin/../lib/gcc/avr/4.3.3/../../../../avr/lib/avr4\libm.a(fp_mpack.o)
                0x00000c58                __fp_mpack_finite
                0x00000c54                __fp_mpack
 .text.avr-libc.fplib
                0x00000c70        0xe d:/winavr/bin/../lib/gcc/avr/4.3.3/../../../../avr/lib/avr4\libm.a(fp_norm2.o)
                0x00000c70                __fp_norm2
 .text.avr-libc
                0x00000c7e       0x40 d:/winavr/bin/../lib/gcc/avr/4.3.3/../../../../avr/lib/avr4\libc.a(dtostrf.o)
                0x00000c7e                dtostrf
 .text.avr-libc
                0x00000cbe       0x3e d:/winavr/bin/../lib/gcc/avr/4.3.3/../../../../avr/lib/avr4\libc.a(itoa.o)
                0x00000cbe                itoa
 .text.avr-libc
                0x00000cfc       0x42 d:/winavr/bin/../lib/gcc/avr/4.3.3/../../../../avr/lib/avr4\libc.a(sprintf.o)
                0x00000cfc                sprintf
 .text.avr-libc
                0x00000d3e      0x39c d:/winavr/bin/../lib/gcc/avr/4.3.3/../../../../avr/lib/avr4\libc.a(vfprintf_std.o)
                0x00000d3e                vfprintf
 .text.avr-libc
                0x000010da      0x2be d:/winavr/bin/../lib/gcc/avr/4.3.3/../../../../avr/lib/avr4\libc.a(dtoa_prf.o)
                0x000010da                dtoa_prf
 .text.avr-libc
                0x00001398      0x1b0 d:/winavr/bin/../lib/gcc/avr/4.3.3/../../../../avr/lib/avr4\libc.a(ftoa_engine.o)
                0x00001398                __ftoa_engine
 .text.avr-libc
                0x00001548       0x16 d:/winavr/bin/../lib/gcc/avr/4.3.3/../../../../avr/lib/avr4\libc.a(strnlen_P.o)
                0x00001548                strnlen_P
 .text.avr-libc
                0x0000155e       0x16 d:/winavr/bin/../lib/gcc/avr/4.3.3/../../../../avr/lib/avr4\libc.a(strnlen.o)
                0x0000155e                strnlen
 .text.avr-libc
                0x00001574       0x20 d:/winavr/bin/../lib/gcc/avr/4.3.3/../../../../avr/lib/avr4\libc.a(strrev.o)
                0x00001574                strrev
 .text.avr-libc
                0x00001594       0x58 d:/winavr/bin/../lib/gcc/avr/4.3.3/../../../../avr/lib/avr4\libc.a(fputc.o)
                0x00001594                fputc
 .text.avr-libc
                0x000015ec       0xbc d:/winavr/bin/../lib/gcc/avr/4.3.3/../../../../avr/lib/avr4\libc.a(ultoa_invert.o)
                0x000015ec                __ultoa_invert
 .text.libgcc   0x000016a8       0x28 d:/winavr/bin/../lib/gcc/avr/4.3.3/avr4\libgcc.a(_udivmodhi4.o)
                0x000016a8                __udivmodhi4
 .text.libgcc   0x000016d0       0x38 d:/winavr/bin/../lib/gcc/avr/4.3.3/avr4\libgcc.a(_prologue.o)
                0x000016d0                __prologue_saves__
 .text.libgcc   0x00001708       0x36 d:/winavr/bin/../lib/gcc/avr/4.3.3/avr4\libgcc.a(_epilogue.o)
                0x00001708                __epilogue_restores__
                0x0000173e                . = ALIGN (0x2)
 *(.fini9)
 .fini9         0x0000173e        0x0 d:/winavr/bin/../lib/gcc/avr/4.3.3/avr4\libgcc.a(_exit.o)
                0x0000173e                exit
                0x0000173e                _exit
 *(.fini9)
 *(.fini8)
 *(.fini8)
 *(.fini7)
 *(.fini7)
 *(.fini6)
 *(.fini6)
 *(.fini5)
 *(.fini5)
 *(.fini4)
 *(.fini4)
 *(.fini3)
 *(.fini3)
 *(.fini2)
 *(.fini2)
 *(.fini1)
 *(.fini1)
 *(.fini0)
 .fini0         0x0000173e        0x4 d:/winavr/bin/../lib/gcc/avr/4.3.3/avr4\libgcc.a(_exit.o)
 *(.fini0)
                0x00001742                _etext = .

.data           0x00800060       0x40 load address 0x00001742
                0x00800060                PROVIDE (__data_start, .)
 *(.data)
 .data          0x00800060       0x37 main.o
 *(.data*)
 .data.accel_factor
                0x00800097        0x4 main.o
                0x00800097                accel_factor
 .data.gyro_factor
                0x0080009b        0x4 main.o
                0x0080009b                gyro_factor
 .data.ADDRESS  0x0080009f        0x1 main.o
                0x0080009f                ADDRESS
 *(.rodata)
 *(.rodata*)
 *(.gnu.linkonce.d*)
                0x008000a0                . = ALIGN (0x2)
                0x008000a0                _edata = .
                0x008000a0                PROVIDE (__data_end, .)

.bss            0x008000a0       0x28
                0x008000a0                PROVIDE (__bss_start, .)
 *(.bss)
 *(.bss*)
 .bss.Acc_x     0x008000a0        0x4 main.o
                0x008000a0                Acc_x
 .bss.Acc_y     0x008000a4        0x4 main.o
                0x008000a4                Acc_y
 .bss.Acc_z     0x008000a8        0x4 main.o
                0x008000a8                Acc_z
 .bss.Temperature
                0x008000ac        0x4 main.o
                0x008000ac                Temperature
 .bss.Gyro_x    0x008000b0        0x4 main.o
                0x008000b0                Gyro_x
 .bss.Gyro_y    0x008000b4        0x4 main.o
                0x008000b4                Gyro_y
 .bss.Gyro_z    0x008000b8        0x4 main.o
                0x008000b8                Gyro_z
 .bss.pitch     0x008000bc        0x4 main.o
                0x008000bc                pitch
 .bss.roll      0x008000c0        0x4 main.o
                0x008000c0                roll
 .bss.curentAngle
                0x008000c4        0x4 main.o
                0x008000c4                curentAngle
 *(COMMON)
                0x008000c8                PROVIDE (__bss_end, .)
                0x00001742                __data_load_start = LOADADDR (.data)
                0x00001782                __data_load_end = (__data_load_start + SIZEOF (.data))

.noinit         0x008000c8        0x0
                0x008000c8                PROVIDE (__noinit_start, .)
 *(.noinit*)
                0x008000c8                PROVIDE (__noinit_end, .)
                0x008000c8                _end = .
                0x008000c8                PROVIDE (__heap_start, .)

.eeprom         0x00810000        0x0
 *(.eeprom*)
                0x00810000                __eeprom_end = .

.fuse
 *(.fuse)
 *(.lfuse)
 *(.hfuse)
 *(.efuse)

.lock
 *(.lock*)

.signature
 *(.signature*)

.stab
 *(.stab)

.stabstr
 *(.stabstr)

.stab.excl
 *(.stab.excl)

.stab.exclstr
 *(.stab.exclstr)

.stab.index
 *(.stab.index)

.stab.indexstr
 *(.stab.indexstr)

.comment
 *(.comment)

.debug
 *(.debug)

.line
 *(.line)

.debug_srcinfo
 *(.debug_srcinfo)

.debug_sfnames
 *(.debug_sfnames)

.debug_aranges  0x00000000       0xc0
 *(.debug_aranges)
 .debug_aranges
                0x00000000       0xc0 main.o

.debug_pubnames
                0x00000000      0x21a
 *(.debug_pubnames)
 .debug_pubnames
                0x00000000      0x21a main.o

.debug_info     0x00000000      0x5de
 *(.debug_info)
 .debug_info    0x00000000      0x5de main.o
 *(.gnu.linkonce.wi.*)

.debug_abbrev   0x00000000      0x1aa
 *(.debug_abbrev)
 .debug_abbrev  0x00000000      0x1aa main.o

.debug_line     0x00000000      0x641
 *(.debug_line)
 .debug_line    0x00000000      0x641 main.o

.debug_frame    0x00000000      0x160
 *(.debug_frame)
 .debug_frame   0x00000000      0x160 main.o

.debug_str      0x00000000      0x3fa
 *(.debug_str)
 .debug_str     0x00000000      0x3fa main.o
                                0x433 (size before relaxing)

.debug_loc      0x00000000      0x261
 *(.debug_loc)
 .debug_loc     0x00000000      0x261 main.o

.debug_macinfo
 *(.debug_macinfo)
OUTPUT(mpu6050.elf elf32-avr)
LOAD linker stubs

.debug_ranges   0x00000000       0xe8
 .debug_ranges  0x00000000       0xe8 main.o
